Script started on Thu 13 Aug 2020 12:54:25 PM UTC
]0;root@otuslinux:/home/vagrant[?1034h[root@otuslinux vagrant]# mdadm /dev/md0 --fail /dev/sde
mdadm: set /dev/sde faulty in /dev/md0
]0;root@otuslinux:/home/vagrant[root@otuslinux vagrant]# cat proc[K[K[K[K/proc/mdstat
Personalities : [raid10] 
md0 : active raid10 sdg[5] sdf[4] sde[3](F) sdd[2] sdc[1] sdb[0]
      761856 blocks super 1.2 512K chunks 2 near-copies [6/5] [UUU_UU]
      
unused devices: <none>
]0;root@otuslinux:/home/vagrant[root@otuslinux vagrant]# mdadm -D /dev/md0
/dev/md0:
           Version : 1.2
     Creation Time : Thu Aug 13 12:53:30 2020
        Raid Level : raid10
        Array Size : 761856 (744.00 MiB 780.14 MB)
     Used Dev Size : 253952 (248.00 MiB 260.05 MB)
      Raid Devices : 6
     Total Devices : 6
       Persistence : Superblock is persistent

       Update Time : Thu Aug 13 12:54:44 2020
             State : clean, degraded 
    Active Devices : 5
   Working Devices : 5
    Failed Devices : 1
     Spare Devices : 0

            Layout : near=2
        Chunk Size : 512K

Consistency Policy : resync

              Name : otuslinux:0  (local to host otuslinux)
              UUID : d64d65fe:14000e0d:cd81edd8:9eba8aee
            Events : 19

    Number   Major   Minor   RaidDevice State
       0       8       16        0      active sync set-A   /dev/sdb
       1       8       32        1      active sync set-B   /dev/sdc
       2       8       48        2      active sync set-A   /dev/sdd
       -       0        0        3      removed
       4       8       80        4      active sync set-A   /dev/sdf
       5       8       96        5      active sync set-B   /dev/sdg

       3       8       64        -      faulty   /dev/sde
]0;root@otuslinux:/home/vagrant[root@otuslinux vagrant]# mdadm /dev/md0 --remove /dev/sde
mdadm: hot removed /dev/sde from /dev/md0
]0;root@otuslinux:/home/vagrant[root@otuslinux vagrant]# mdadm/dev/md0 --add /dev/sde
bash: mdadm/dev/md0: No such file or directory
]0;root@otuslinux:/home/vagrant[root@otuslinux vagrant]# mdadm/dev/md0 --add /dev/sde[C[1@ [C[C[C[C[C[C[C[C[C[C[C[C[C[C[C[C[C[C[C[C[C[C[C
mdadm: added /dev/sde
]0;root@otuslinux:/home/vagrant[root@otuslinux vagrant]# cat /proc/mdstat
Personalities : [raid10] 
md0 : active raid10 sde[6] sdg[5] sdf[4] sdd[2] sdc[1] sdb[0]
      761856 blocks super 1.2 512K chunks 2 near-copies [6/6] [UUUUUU]
      
unused devices: <none>
]0;root@otuslinux:/home/vagrant[root@otuslinux vagrant]# mdadm -D /dev/md0
/dev/md0:
           Version : 1.2
     Creation Time : Thu Aug 13 12:53:30 2020
        Raid Level : raid10
        Array Size : 761856 (744.00 MiB 780.14 MB)
     Used Dev Size : 253952 (248.00 MiB 260.05 MB)
      Raid Devices : 6
     Total Devices : 6
       Persistence : Superblock is persistent

       Update Time : Thu Aug 13 12:55:59 2020
             State : clean 
    Active Devices : 6
   Working Devices : 6
    Failed Devices : 0
     Spare Devices : 0

            Layout : near=2
        Chunk Size : 512K

Consistency Policy : resync

              Name : otuslinux:0  (local to host otuslinux)
              UUID : d64d65fe:14000e0d:cd81edd8:9eba8aee
            Events : 39

    Number   Major   Minor   RaidDevice State
       0       8       16        0      active sync set-A   /dev/sdb
       1       8       32        1      active sync set-B   /dev/sdc
       2       8       48        2      active sync set-A   /dev/sdd
       6       8       64        3      active sync set-B   /dev/sde
       4       8       80        4      active sync set-A   /dev/sdf
       5       8       96        5      active sync set-B   /dev/sdg
]0;root@otuslinux:/home/vagrant[root@otuslinux vagrant]# parted -s /dev/md0 mklabel gpt
]0;root@otuslinux:/home/vagrant[root@otuslinux vagrant]# parted /dev/md0 mkpart primary ext4 0% 20%
Information: You may need to update /etc/fstab.

[?1034h                                                                          ]0;root@otuslinux:/home/vagrant[root@otuslinux vagrant]# parted /dev/md0 mkpart primary ext4 0% 20%[1P20%[1P20%[1P20%[C[C[C 40%
Information: You may need to update /etc/fstab.

[?1034h                                                                          ]0;root@otuslinux:/home/vagrant[root@otuslinux vagrant]# parted /dev/md0 mkpart primary ext4 20% 40%[1P40%[1P40%[1P40%[1P40%[C[C[C 60%
Information: You may need to update /etc/fstab.

[?1034h                                                                          ]0;root@otuslinux:/home/vagrant[root@otuslinux vagrant]# parted /dev/md0 mkpart primary ext4 40% 60%[1P60%[1P60%[1P60%[1P60%[C[C[C 80%
Information: You may need to update /etc/fstab.

[?1034h                                                                          ]0;root@otuslinux:/home/vagrant[root@otuslinux vagrant]# parted /dev/md0 mkpart primary ext4 60% 80%[1P80%[1P80%[1P80%[1P80%[C[C[C 100%
Information: You may need to update /etc/fstab.

[?1034h                                                                          ]0;root@otuslinux:/home/vagrant[root@otuslinux vagrant]# for i in $(seq 1 5); do sudo mkfs.ext4 /dev/md0p$i; done
mke2fs 1.42.9 (28-Dec-2013)
Filesystem label=
OS type: Linux
Block size=1024 (log=0)
Fragment size=1024 (log=0)
Stride=512 blocks, Stripe width=1536 blocks
37696 inodes, 150528 blocks
7526 blocks (5.00%) reserved for the super user
First data block=1
Maximum filesystem blocks=33816576
19 block groups
8192 blocks per group, 8192 fragments per group
1984 inodes per group
Superblock backups stored on blocks: 
	8193, 24577, 40961, 57345, 73729

Allocating group tables:  0/19     done                            
Writing inode tables:  0/19     done                            
Creating journal (4096 blocks): done
Writing superblocks and filesystem accounting information:  0/19     done

mke2fs 1.42.9 (28-Dec-2013)
Filesystem label=
OS type: Linux
Block size=1024 (log=0)
Fragment size=1024 (log=0)
Stride=512 blocks, Stripe width=1536 blocks
38152 inodes, 152064 blocks
7603 blocks (5.00%) reserved for the super user
First data block=1
Maximum filesystem blocks=33816576
19 block groups
8192 blocks per group, 8192 fragments per group
2008 inodes per group
Superblock backups stored on blocks: 
	8193, 24577, 40961, 57345, 73729

Allocating group tables:  0/19     done                            
Writing inode tables:  0/19     done                            
Creating journal (4096 blocks): done
Writing superblocks and filesystem accounting information:  0/19     done

mke2fs 1.42.9 (28-Dec-2013)
Filesystem label=
OS type: Linux
Block size=1024 (log=0)
Fragment size=1024 (log=0)
Stride=512 blocks, Stripe width=1536 blocks
38456 inodes, 153600 blocks
7680 blocks (5.00%) reserved for the super user
First data block=1
Maximum filesystem blocks=33816576
19 block groups
8192 blocks per group, 8192 fragments per group
2024 inodes per group
Superblock backups stored on blocks: 
	8193, 24577, 40961, 57345, 73729

Allocating group tables:  0/19     done                            
Writing inode tables:  0/19     done                            
Creating journal (4096 blocks): done
Writing superblocks and filesystem accounting information:  0/19     done

mke2fs 1.42.9 (28-Dec-2013)
Filesystem label=
OS type: Linux
Block size=1024 (log=0)
Fragment size=1024 (log=0)
Stride=512 blocks, Stripe width=1536 blocks
38152 inodes, 152064 blocks
7603 blocks (5.00%) reserved for the super user
First data block=1
Maximum filesystem blocks=33816576
19 block groups
8192 blocks per group, 8192 fragments per group
2008 inodes per group
Superblock backups stored on blocks: 
	8193, 24577, 40961, 57345, 73729

Allocating group tables:  0/19     done                            
Writing inode tables:  0/19     done                            
Creating journal (4096 blocks): done
Writing superblocks and filesystem accounting information:  0/19     done

mke2fs 1.42.9 (28-Dec-2013)
Filesystem label=
OS type: Linux
Block size=1024 (log=0)
Fragment size=1024 (log=0)
Stride=512 blocks, Stripe width=1536 blocks
37696 inodes, 150528 blocks
7526 blocks (5.00%) reserved for the super user
First data block=1
Maximum filesystem blocks=33816576
19 block groups
8192 blocks per group, 8192 fragments per group
1984 inodes per group
Superblock backups stored on blocks: 
	8193, 24577, 40961, 57345, 73729

Allocating group tables:  0/19     done                            
Writing inode tables:  0/19     done                            
Creating journal (4096 blocks): done
Writing superblocks and filesystem accounting information:  0/19     done

]0;root@otuslinux:/home/vagrant[root@otuslinux vagrant]# mkdir -p /raid/part{1,2,3,4,5}
]0;root@otuslinux:/home/vagrant[root@otuslinux vagrant]# for i in $(seq 1 5); do mount /dev/md0p$i /raid/part$i; done
]0;root@otuslinux:/home/vagrant[root@otuslinux vagrant]# ls -al /raid
total 5
drwxr-xr-x.  7 root root   71 Aug 13 12:58 [0m[38;5;27m.[0m
dr-xr-xr-x. 19 root root  267 Aug 13 12:58 [38;5;27m..[0m
drwxr-xr-x.  3 root root 1024 Aug 13 12:58 [38;5;27mpart1[0m
drwxr-xr-x.  3 root root 1024 Aug 13 12:58 [38;5;27mpart2[0m
drwxr-xr-x.  3 root root 1024 Aug 13 12:58 [38;5;27mpart3[0m
drwxr-xr-x.  3 root root 1024 Aug 13 12:58 [38;5;27mpart4[0m
drwxr-xr-x.  3 root root 1024 Aug 13 12:58 [38;5;27mpart5[0m
]0;root@otuslinux:/home/vagrant[root@otuslinux vagrant]# cat /etc/fstab

#
# /etc/fstab
# Created by anaconda on Thu Apr 30 22:04:55 2020
#
# Accessible filesystems, by reference, are maintained under '/dev/disk'
# See man pages fstab(5), findfs(8), mount(8) and/or blkid(8) for more info
#
UUID=1c419d6c-5064-4a2b-953c-05b2c67edb15 /                       xfs     defaults        0 0
/swapfile none swap defaults 0 0
]0;root@otuslinux:/home/vagrant[root@otuslinux vagrant]# mount
sysfs on /sys type sysfs (rw,nosuid,nodev,noexec,relatime,seclabel)
proc on /proc type proc (rw,nosuid,nodev,noexec,relatime)
devtmpfs on /dev type devtmpfs (rw,nosuid,seclabel,size=499864k,nr_inodes=124966,mode=755)
securityfs on /sys/kernel/security type securityfs (rw,nosuid,nodev,noexec,relatime)
tmpfs on /dev/shm type tmpfs (rw,nosuid,nodev,seclabel)
devpts on /dev/pts type devpts (rw,nosuid,noexec,relatime,seclabel,gid=5,mode=620,ptmxmode=000)
tmpfs on /run type tmpfs (rw,nosuid,nodev,seclabel,mode=755)
tmpfs on /sys/fs/cgroup type tmpfs (ro,nosuid,nodev,noexec,seclabel,mode=755)
cgroup on /sys/fs/cgroup/systemd type cgroup (rw,nosuid,nodev,noexec,relatime,seclabel,xattr,release_agent=/usr/lib/systemd/systemd-cgroups-agent,name=systemd)
pstore on /sys/fs/pstore type pstore (rw,nosuid,nodev,noexec,relatime)
cgroup on /sys/fs/cgroup/cpuset type cgroup (rw,nosuid,nodev,noexec,relatime,seclabel,cpuset)
cgroup on /sys/fs/cgroup/net_cls,net_prio type cgroup (rw,nosuid,nodev,noexec,relatime,seclabel,net_prio,net_cls)
cgroup on /sys/fs/cgroup/memory type cgroup (rw,nosuid,nodev,noexec,relatime,seclabel,memory)
cgroup on /sys/fs/cgroup/devices type cgroup (rw,nosuid,nodev,noexec,relatime,seclabel,devices)
cgroup on /sys/fs/cgroup/blkio type cgroup (rw,nosuid,nodev,noexec,relatime,seclabel,blkio)
cgroup on /sys/fs/cgroup/pids type cgroup (rw,nosuid,nodev,noexec,relatime,seclabel,pids)
cgroup on /sys/fs/cgroup/cpu,cpuacct type cgroup (rw,nosuid,nodev,noexec,relatime,seclabel,cpuacct,cpu)
cgroup on /sys/fs/cgroup/freezer type cgroup (rw,nosuid,nodev,noexec,relatime,seclabel,freezer)
cgroup on /sys/fs/cgroup/hugetlb type cgroup (rw,nosuid,nodev,noexec,relatime,seclabel,hugetlb)
cgroup on /sys/fs/cgroup/perf_event type cgroup (rw,nosuid,nodev,noexec,relatime,seclabel,perf_event)
configfs on /sys/kernel/config type configfs (rw,relatime)
/dev/sda1 on / type xfs (rw,relatime,seclabel,attr2,inode64,noquota)
selinuxfs on /sys/fs/selinux type selinuxfs (rw,relatime)
systemd-1 on /proc/sys/fs/binfmt_misc type autofs (rw,relatime,fd=32,pgrp=1,timeout=0,minproto=5,maxproto=5,direct,pipe_ino=11528)
hugetlbfs on /dev/hugepages type hugetlbfs (rw,relatime,seclabel)
mqueue on /dev/mqueue type mqueue (rw,relatime,seclabel)
debugfs on /sys/kernel/debug type debugfs (rw,relatime)
sunrpc on /var/lib/nfs/rpc_pipefs type rpc_pipefs (rw,relatime)
tmpfs on /run/user/1000 type tmpfs (rw,nosuid,nodev,relatime,seclabel,size=101480k,mode=700,uid=1000,gid=1000)
/dev/md0p1 on /raid/part1 type ext4 (rw,relatime,seclabel,stripe=1536,data=ordered)
/dev/md0p2 on /raid/part2 type ext4 (rw,relatime,seclabel,stripe=1536,data=ordered)
/dev/md0p3 on /raid/part3 type ext4 (rw,relatime,seclabel,stripe=1536,data=ordered)
/dev/md0p4 on /raid/part4 type ext4 (rw,relatime,seclabel,stripe=1536,data=ordered)
/dev/md0p5 on /raid/part5 type ext4 (rw,relatime,seclabel,stripe=1536,data=ordered)
tmpfs on /run/user/0 type tmpfs (rw,nosuid,nodev,relatime,seclabel,size=101480k,mode=700)
]0;root@otuslinux:/home/vagrant[root@otuslinux vagrant]# exit

Script done on Thu 13 Aug 2020 01:01:53 PM UTC
